<?xml version="1.0" encoding="UTF-8"?>
<TestRun id="f4426e45-44f0-4d76-a9b0-8a8c23ee9de3" name="1197151@NAT1409 2012-03-10 07:41:05" runUser="NAT\1197151" xmlns="http://microsoft.com/schemas/VisualStudio/TeamTest/2010">
  <TestSettings name="Local" id="0a3deafb-a919-4f94-9df5-6cda4eec66d9">
    <Description>These are default test settings for a local test run.</Description>
    <Deployment userDeploymentRoot="H:\pos\08 - analise OO\projeto\prjLocadora2\SistemaLoca\TestResults" useDefaultDeploymentRoot="false" enabled="false" runDeploymentRoot="1197151_NAT1409 2012-03-10 07_41_05">
      <DeploymentItem filename="H:\pos\08 - analise OO\projeto\prjLocadora2\SistemaLoca\SistemaLoca.BusinnesLogic\bin\Debug\SistemaLoca.BusinnesLogic.dll" />
    </Deployment>
    <Execution>
      <TestTypeSpecific />
      <AgentRule name="Execution Agents">
      </AgentRule>
    </Execution>
  </TestSettings>
  <Times creation="2012-03-10T07:41:05.6483942-03:00" queuing="2012-03-10T07:41:05.9957976-03:00" start="2012-03-10T07:41:06.0269977-03:00" finish="2012-03-10T07:42:09.3817800-03:00" />
  <ResultSummary outcome="Failed">
    <Counters total="4" executed="3" error="0" failed="2" timeout="0" aborted="1" inconclusive="0" passedButRunAborted="0" notRunnable="0" notExecuted="1" disconnected="0" warning="0" passed="0" completed="0" inProgress="0" pending="0" />
  </ResultSummary>
  <TestDefinitions>
    <UnitTest name="RemoverFilmeTeste" storage="h:\pos\08 - analise oo\projeto\prjlocadora2\sistemaloca\sistemaloca.businneslogic.teste\bin\debug\sistemaloca.businneslogic.teste.dll" id="c20d63fb-5063-ddc9-65c2-a7e6815a3756">
      <Execution id="c1e03405-e2e9-408d-9a71-fe60f3ee0861" />
      <TestMethod codeBase="H:/pos/08 - analise OO/projeto/prjLocadora2/SistemaLoca/SistemaLoca.BusinnesLogic.Teste/bin/Debug/SistemaLoca.BusinnesLogic.Teste.DLL" adapterTypeName="Microsoft.VisualStudio.TestTools.TestTypes.Unit.UnitTestAdapter, Microsoft.VisualStudio.QualityTools.Tips.UnitTest.Adapter, Version=10.0.0.0, Culture=neutral, PublicKeyToken=b03f5f7f11d50a3a" className="SistemaLoca.BusinnesLogic.Teste.FilmeTeste, SistemaLoca.BusinnesLogic.Teste, Version=1.0.0.0, Culture=neutral, PublicKeyToken=null" name="RemoverFilmeTeste" />
    </UnitTest>
    <UnitTest name="InserirFilmeTeste" storage="h:\pos\08 - analise oo\projeto\prjlocadora2\sistemaloca\sistemaloca.businneslogic.teste\bin\debug\sistemaloca.businneslogic.teste.dll" id="a97a00e4-0e8f-7abb-5b96-b3b4ef73d13c">
      <Execution id="b984ff61-e5e4-425b-bdf7-f5e0cb71d291" />
      <TestMethod codeBase="H:/pos/08 - analise OO/projeto/prjLocadora2/SistemaLoca/SistemaLoca.BusinnesLogic.Teste/bin/Debug/SistemaLoca.BusinnesLogic.Teste.DLL" adapterTypeName="Microsoft.VisualStudio.TestTools.TestTypes.Unit.UnitTestAdapter, Microsoft.VisualStudio.QualityTools.Tips.UnitTest.Adapter, Version=10.0.0.0, Culture=neutral, PublicKeyToken=b03f5f7f11d50a3a" className="SistemaLoca.BusinnesLogic.Teste.FilmeTeste, SistemaLoca.BusinnesLogic.Teste, Version=1.0.0.0, Culture=neutral, PublicKeyToken=null" name="InserirFilmeTeste" />
    </UnitTest>
    <UnitTest name="ConsultarFilmePorIdTeste" storage="h:\pos\08 - analise oo\projeto\prjlocadora2\sistemaloca\sistemaloca.businneslogic.teste\bin\debug\sistemaloca.businneslogic.teste.dll" id="a9eb9ad8-2dcd-5488-c554-b1353bd46ba8">
      <Execution id="277c97c6-bcd0-473d-97e6-3a2b2922779e" />
      <TestMethod codeBase="H:/pos/08 - analise OO/projeto/prjLocadora2/SistemaLoca/SistemaLoca.BusinnesLogic.Teste/bin/Debug/SistemaLoca.BusinnesLogic.Teste.DLL" adapterTypeName="Microsoft.VisualStudio.TestTools.TestTypes.Unit.UnitTestAdapter, Microsoft.VisualStudio.QualityTools.Tips.UnitTest.Adapter, Version=10.0.0.0, Culture=neutral, PublicKeyToken=b03f5f7f11d50a3a" className="SistemaLoca.BusinnesLogic.Teste.FilmeTeste, SistemaLoca.BusinnesLogic.Teste, Version=1.0.0.0, Culture=neutral, PublicKeyToken=null" name="ConsultarFilmePorIdTeste" />
    </UnitTest>
    <UnitTest name="AtualizarFilmeTeste" storage="h:\pos\08 - analise oo\projeto\prjlocadora2\sistemaloca\sistemaloca.businneslogic.teste\bin\debug\sistemaloca.businneslogic.teste.dll" id="90f29b99-d62c-356e-4b2e-273dcc86a936">
      <Execution id="30bf9a04-5565-4447-99c0-678829a54b73" />
      <TestMethod codeBase="H:/pos/08 - analise OO/projeto/prjLocadora2/SistemaLoca/SistemaLoca.BusinnesLogic.Teste/bin/Debug/SistemaLoca.BusinnesLogic.Teste.DLL" adapterTypeName="Microsoft.VisualStudio.TestTools.TestTypes.Unit.UnitTestAdapter, Microsoft.VisualStudio.QualityTools.Tips.UnitTest.Adapter, Version=10.0.0.0, Culture=neutral, PublicKeyToken=b03f5f7f11d50a3a" className="SistemaLoca.BusinnesLogic.Teste.FilmeTeste, SistemaLoca.BusinnesLogic.Teste, Version=1.0.0.0, Culture=neutral, PublicKeyToken=null" name="AtualizarFilmeTeste" />
    </UnitTest>
  </TestDefinitions>
  <TestLists>
    <TestList name="Results Not in a List" id="8c84fa94-04c1-424b-9868-57a2d4851a1d" />
    <TestList name="All Loaded Results" id="19431567-8539-422a-85d7-44ee4e166bda" />
  </TestLists>
  <TestEntries>
    <TestEntry testId="c20d63fb-5063-ddc9-65c2-a7e6815a3756" executionId="c1e03405-e2e9-408d-9a71-fe60f3ee0861" testListId="8c84fa94-04c1-424b-9868-57a2d4851a1d" />
    <TestEntry testId="a9eb9ad8-2dcd-5488-c554-b1353bd46ba8" executionId="277c97c6-bcd0-473d-97e6-3a2b2922779e" testListId="8c84fa94-04c1-424b-9868-57a2d4851a1d" />
    <TestEntry testId="a97a00e4-0e8f-7abb-5b96-b3b4ef73d13c" executionId="b984ff61-e5e4-425b-bdf7-f5e0cb71d291" testListId="8c84fa94-04c1-424b-9868-57a2d4851a1d" />
    <TestEntry testId="90f29b99-d62c-356e-4b2e-273dcc86a936" executionId="30bf9a04-5565-4447-99c0-678829a54b73" testListId="8c84fa94-04c1-424b-9868-57a2d4851a1d" />
  </TestEntries>
  <Results>
    <UnitTestResult executionId="c1e03405-e2e9-408d-9a71-fe60f3ee0861" testId="c20d63fb-5063-ddc9-65c2-a7e6815a3756" testName="RemoverFilmeTeste" computerName="NAT1409" duration="00:00:20.9531703" startTime="2012-03-10T07:41:06.0581977-03:00" endTime="2012-03-10T07:41:27.2574582-03:00" testType="13cdc9d9-ddb5-4fa4-a97d-d965ccfc6d4b" outcome="Failed" testListId="8c84fa94-04c1-424b-9868-57a2d4851a1d" relativeResultsDirectory="c1e03405-e2e9-408d-9a71-fe60f3ee0861">
      <Output>
        <ErrorInfo>
          <Message>Test method SistemaLoca.BusinnesLogic.Teste.FilmeTeste.RemoverFilmeTeste threw exception: 
System.Data.SqlClient.SqlException: Não é possível descartar o banco de dados "sistemaLoca" porque ele está em uso.</Message>
          <StackTrace>    em System.Data.SqlClient.SqlConnection.OnError(SqlException exception, Boolean breakConnection)
   em System.Data.SqlClient.SqlInternalConnection.OnError(SqlException exception, Boolean breakConnection)
   em System.Data.SqlClient.TdsParser.ThrowExceptionAndWarning()
   em System.Data.SqlClient.TdsParser.Run(RunBehavior runBehavior, SqlCommand cmdHandler, SqlDataReader dataStream, BulkCopySimpleResultSet bulkCopyHandler, TdsParserStateObject stateObj)
   em System.Data.SqlClient.SqlCommand.RunExecuteNonQueryTds(String methodName, Boolean async)
   em System.Data.SqlClient.SqlCommand.InternalExecuteNonQuery(DbAsyncResult result, String methodName, Boolean sendToPipe)
   em System.Data.SqlClient.SqlCommand.ExecuteNonQuery()
   em System.Data.SqlClient.SqlProviderServices.&lt;&gt;c__DisplayClass10.&lt;DbDeleteDatabase&gt;b__f(SqlConnection conn)
   em System.Data.SqlClient.SqlProviderServices.UsingConnection(SqlConnection sqlConnection, Action`1 act)
   em System.Data.SqlClient.SqlProviderServices.UsingMasterConnection(SqlConnection sqlConnection, Action`1 act)
   em System.Data.SqlClient.SqlProviderServices.DbDeleteDatabase(DbConnection connection, Nullable`1 commandTimeout, StoreItemCollection storeItemCollection)
   em System.Data.Objects.ObjectContext.DeleteDatabase()
   em System.Data.Entity.Internal.DatabaseOperations.DeleteIfExists(ObjectContext objectContext)
   em System.Data.Entity.Database.Delete()
   em System.Data.Entity.DropCreateDatabaseAlways`1.InitializeDatabase(TContext context)
   em System.Data.Entity.Database.&lt;&gt;c__DisplayClass2`1.&lt;SetInitializerInternal&gt;b__0(DbContext c)
   em System.Data.Entity.Internal.InternalContext.&lt;&gt;c__DisplayClass5.&lt;PerformDatabaseInitialization&gt;b__3()
   em System.Data.Entity.Internal.InternalContext.PerformInitializationAction(Action action)
   em System.Data.Entity.Internal.InternalContext.PerformDatabaseInitialization()
   em System.Data.Entity.Internal.LazyInternalContext.&lt;InitializeDatabase&gt;b__4(InternalContext c)
   em System.Data.Entity.Internal.RetryAction`1.PerformAction(TInput input)
   em System.Data.Entity.Internal.LazyInternalContext.InitializeDatabaseAction(Action`1 action)
   em System.Data.Entity.Internal.LazyInternalContext.InitializeDatabase()
   em System.Data.Entity.Internal.InternalContext.GetEntitySetAndBaseTypeForType(Type entityType)
   em System.Data.Entity.Internal.Linq.InternalSet`1.Initialize()
   em System.Data.Entity.Internal.Linq.InternalSet`1.get_InternalContext()
   em System.Data.Entity.Internal.Linq.InternalSet`1.Find(Object[] keyValues)
   em System.Data.Entity.DbSet`1.Find(Object[] keyValues)
   em SistemaLoca.BusinnesLogic.Teste.FilmeTeste.RemoverFilmeTeste() na H:\pos\08 - analise OO\projeto\prjLocadora2\SistemaLoca\SistemaLoca.BusinnesLogic.Teste\FilmeTeste.cs:linha 76
</StackTrace>
        </ErrorInfo>
      </Output>
    </UnitTestResult>
    <UnitTestResult executionId="277c97c6-bcd0-473d-97e6-3a2b2922779e" testId="a9eb9ad8-2dcd-5488-c554-b1353bd46ba8" testName="ConsultarFilmePorIdTeste" computerName="NAT1409" duration="00:00:20.0157784" startTime="2012-03-10T07:41:27.2850590-03:00" endTime="2012-03-10T07:41:47.3017046-03:00" testType="13cdc9d9-ddb5-4fa4-a97d-d965ccfc6d4b" outcome="Failed" testListId="8c84fa94-04c1-424b-9868-57a2d4851a1d" relativeResultsDirectory="277c97c6-bcd0-473d-97e6-3a2b2922779e">
      <Output>
        <ErrorInfo>
          <Message>Test method SistemaLoca.BusinnesLogic.Teste.FilmeTeste.ConsultarFilmePorIdTeste threw exception: 
System.Data.SqlClient.SqlException: Não é possível descartar o banco de dados "sistemaLoca" porque ele está em uso.</Message>
          <StackTrace>    em System.Data.SqlClient.SqlConnection.OnError(SqlException exception, Boolean breakConnection)
   em System.Data.SqlClient.SqlInternalConnection.OnError(SqlException exception, Boolean breakConnection)
   em System.Data.SqlClient.TdsParser.ThrowExceptionAndWarning()
   em System.Data.SqlClient.TdsParser.Run(RunBehavior runBehavior, SqlCommand cmdHandler, SqlDataReader dataStream, BulkCopySimpleResultSet bulkCopyHandler, TdsParserStateObject stateObj)
   em System.Data.SqlClient.SqlCommand.RunExecuteNonQueryTds(String methodName, Boolean async)
   em System.Data.SqlClient.SqlCommand.InternalExecuteNonQuery(DbAsyncResult result, String methodName, Boolean sendToPipe)
   em System.Data.SqlClient.SqlCommand.ExecuteNonQuery()
   em System.Data.SqlClient.SqlProviderServices.&lt;&gt;c__DisplayClass10.&lt;DbDeleteDatabase&gt;b__f(SqlConnection conn)
   em System.Data.SqlClient.SqlProviderServices.UsingConnection(SqlConnection sqlConnection, Action`1 act)
   em System.Data.SqlClient.SqlProviderServices.UsingMasterConnection(SqlConnection sqlConnection, Action`1 act)
   em System.Data.SqlClient.SqlProviderServices.DbDeleteDatabase(DbConnection connection, Nullable`1 commandTimeout, StoreItemCollection storeItemCollection)
   em System.Data.Objects.ObjectContext.DeleteDatabase()
   em System.Data.Entity.Internal.DatabaseOperations.DeleteIfExists(ObjectContext objectContext)
   em System.Data.Entity.Database.Delete()
   em System.Data.Entity.DropCreateDatabaseAlways`1.InitializeDatabase(TContext context)
   em System.Data.Entity.Database.&lt;&gt;c__DisplayClass2`1.&lt;SetInitializerInternal&gt;b__0(DbContext c)
   em System.Data.Entity.Internal.InternalContext.&lt;&gt;c__DisplayClass5.&lt;PerformDatabaseInitialization&gt;b__3()
   em System.Data.Entity.Internal.InternalContext.PerformInitializationAction(Action action)
   em System.Data.Entity.Internal.InternalContext.PerformDatabaseInitialization()
   em System.Data.Entity.Internal.LazyInternalContext.&lt;InitializeDatabase&gt;b__4(InternalContext c)
   em System.Data.Entity.Internal.RetryAction`1.PerformAction(TInput input)
   em System.Data.Entity.Internal.LazyInternalContext.InitializeDatabaseAction(Action`1 action)
   em System.Data.Entity.Internal.LazyInternalContext.InitializeDatabase()
   em System.Data.Entity.Internal.InternalContext.GetEntitySetAndBaseTypeForType(Type entityType)
   em System.Data.Entity.Internal.Linq.InternalSet`1.Initialize()
   em System.Data.Entity.Internal.Linq.InternalSet`1.get_InternalContext()
   em System.Data.Entity.Internal.Linq.InternalSet`1.Find(Object[] keyValues)
   em System.Data.Entity.DbSet`1.Find(Object[] keyValues)
   em SistemaLoca.BusinnesLogic.Teste.FilmeTeste.ConsultarFilmePorIdTeste() na H:\pos\08 - analise OO\projeto\prjLocadora2\SistemaLoca\SistemaLoca.BusinnesLogic.Teste\FilmeTeste.cs:linha 59
</StackTrace>
        </ErrorInfo>
      </Output>
    </UnitTestResult>
    <UnitTestResult executionId="b984ff61-e5e4-425b-bdf7-f5e0cb71d291" testId="a97a00e4-0e8f-7abb-5b96-b3b4ef73d13c" testName="InserirFilmeTeste" computerName="NAT1409" duration="00:00:14.4822456" startTime="2012-03-10T07:41:47.3329046-03:00" endTime="2012-03-10T07:42:01.8151502-03:00" testType="13cdc9d9-ddb5-4fa4-a97d-d965ccfc6d4b" outcome="Aborted" testListId="8c84fa94-04c1-424b-9868-57a2d4851a1d" relativeResultsDirectory="b984ff61-e5e4-425b-bdf7-f5e0cb71d291">
      <Output>
        <ErrorInfo>
          <Message>User aborted test run.</Message>
        </ErrorInfo>
      </Output>
    </UnitTestResult>
    <UnitTestResult executionId="30bf9a04-5565-4447-99c0-678829a54b73" testId="90f29b99-d62c-356e-4b2e-273dcc86a936" testName="AtualizarFilmeTeste" computerName="NAT1409" testType="13cdc9d9-ddb5-4fa4-a97d-d965ccfc6d4b" outcome="NotExecuted" testListId="8c84fa94-04c1-424b-9868-57a2d4851a1d" relativeResultsDirectory="30bf9a04-5565-4447-99c0-678829a54b73">
    </UnitTestResult>
  </Results>
</TestRun>